// Jest Snapshot v1, https://goo.gl/fbAQLP

exports[`SingleForm:: should return default values SingleForm 1`] = `
<div>
  <h1>
     useEffect 
  </h1>
  <hr />
  <div
    className="form-group"
  >
    <label
      htmlFor=""
    />
    <input
      aria-describedby="name-form"
      className="form-control"
      id=""
      name="name"
      onChange={[Function]}
      placeholder="enter your name"
      type="text"
      value=""
    />
    <small
      className="form-text text-muted"
    >
      Name
    </small>
    <label
      htmlFor=""
    />
    <input
      aria-describedby="email-form"
      className="form-control"
      id=""
      name="email"
      onChange={[Function]}
      placeholder="enter your email"
      type="text"
      value=""
    />
    <small
      className="form-text text-muted"
    >
      Email
    </small>
  </div>
</div>
`;
