// Jest Snapshot v1, https://goo.gl/fbAQLP

exports[`TodoListItem should render todoListItem 1`] = `
<li
  className="list-group-item"
  key="1"
>
  <p
    className="complete"
    onClick={[Function]}
  >
    2
    . 
    descripcionTest1
  </p>
  <button
    className="btn btn-danger"
    onClick={[Function]}
  >
    DELETE
  </button>
</li>
`;
