// Jest Snapshot v1, https://goo.gl/fbAQLP

exports[`MultpleCustomHook:: Should render component 1`] = `
<div>
  <h2>
     BreakingBad Quotes
  </h2>
  <hr />
  <blockquote
    className="blockquote text-right"
  >
    <p
      className="mb-0"
    >
       
      Stay out of my territory.
       
    </p>
    <footer
      className="blockquote-footer"
    >
       
      Walter White
       
    </footer>
  </blockquote>
  <button
    className="btn btn-outline-primary"
    onClick={[Function]}
    type="button"
  >
     next Quote 
  </button>
</div>
`;
